// Jest Snapshot v1, https://goo.gl/fbAQLP

exports[`<Item/> renders and matches the snapshot 1`] = `
<ItemStyles__Item>
  <img
    alt="An Item"
    src="dog.jpg"
  />
  <Title>
    <Link
      href={
        Object {
          "pathname": "/item",
          "query": Object {
            "id": "4321",
          },
        }
      }
    >
      <a>
        An Item
      </a>
    </Link>
  </Title>
  <PriceTag>
    $3.50
  </PriceTag>
  <p>
    lookin good!
  </p>
  <div
    className="buttonList"
  >
    <Link
      href={
        Object {
          "pathname": "/update",
          "query": Object {
            "id": "4321",
          },
        }
      }
    >
      <a>
        Edit 
      </a>
    </Link>
    <AddToCart
      id="4321"
    />
    <DeleteItem
      id="4321"
    >
      Delete
    </DeleteItem>
  </div>
</ItemStyles__Item>
`;
